#-----------------------------------------------------------
# Vivado v2019.1 (64-bit)
# SW Build 2552052 on Fri May 24 14:49:42 MDT 2019
# IP Build 2548770 on Fri May 24 18:01:18 MDT 2019
# Start of session at: Mon Mar 27 12:24:03 2023
# Process ID: 21816
# Current directory: C:/Users/Joan Daniel A/Downloads/zynq_social_distancing FINAL/zynq_social_distancing/project_1
# Command line: vivado.exe -gui_launcher_event rodinguilauncherevent17220 C:\Users\Joan Daniel A\Downloads\zynq_social_distancing FINAL\zynq_social_distancing\project_1\project_1.xpr
# Log file: C:/Users/Joan Daniel A/Downloads/zynq_social_distancing FINAL/zynq_social_distancing/project_1/vivado.log
# Journal file: C:/Users/Joan Daniel A/Downloads/zynq_social_distancing FINAL/zynq_social_distancing/project_1\vivado.jou
#-----------------------------------------------------------
start_gui
open_project {C:/Users/Joan Daniel A/Downloads/zynq_social_distancing FINAL/zynq_social_distancing/project_1/project_1.xpr}
update_compile_order -fileset sources_1
